// Jest Snapshot v1, https://goo.gl/fbAQLP

exports[`PipelineSpec should correctly render JSON spec 1`] = `
<div
  class="base"
>
  <div>
    <div
      class="header"
    >
      <h5 />
      <div
        class="settings base horizontal spacing16"
      >
        <div
          class="base"
        >
          <button
            aria-expanded="false"
            aria-haspopup="true"
            class="base base dropdown"
            data-testid="DropdownButton__button"
            type="button"
          >
            <div
              class="base horizontal justifyCenter alignCenter spacing8"
            >
              <span
                class="children"
              >
                <div
                  class="base plum"
                >
                  <svg-mock />
                </div>
              </span>
            </div>
          </button>
          <div
            aria-hidden="true"
            class="base right"
            role="menu"
          >
            <button
              class="base"
              data-testid="DropdownMenuItem__button"
              role="menuitem"
              tabindex="-1"
              type="button"
            >
              <div
                class="base horizontal alignCenter"
              >
                <div>
                  Copy
                </div>
              </div>
            </button>
            <button
              class="base"
              data-testid="DropdownMenuItem__button"
              role="menuitem"
              tabindex="-1"
              type="button"
            >
              <div
                class="base horizontal alignCenter"
              >
                <div>
                  Download JSON
                </div>
              </div>
            </button>
            <button
              class="base"
              data-testid="DropdownMenuItem__button"
              role="menuitem"
              tabindex="-1"
              type="button"
            >
              <div
                class="base horizontal alignCenter"
              >
                <div>
                  Download YAML
                </div>
              </div>
            </button>
          </div>
        </div>
      </div>
    </div>
    <div
      class="codeBody"
      data-testid="ConfigFilePreview__codeElement"
    >
      <div
        class="codeSection"
      >
        <div>
          <div
            class="code language-yaml depth0 hljs"
          />
          <div
            class="header"
          >
            <div
              class="base chevron black small"
            >
              <svg-mock />
            </div>
            <div
              class="code language-yaml depth0 hljs"
            >
              <span
                class="hljs-attr"
              >
                transform:
              </span>
            </div>
          </div>
          <div
            class=""
          >
            <div
              class="codeSection"
            >
              <div>
                <div
                  class="code language-yaml depth1 hljs"
                >
                  <span
                    class="hljs-attr"
                  >
                    image:
                  </span>
                   
                  <span
                    class="hljs-string"
                  >
                    v4tech/imagemagick
                  </span>
                  

                </div>
                <div
                  class="header"
                >
                  <div
                    class="base chevron black small"
                  >
                    <svg-mock />
                  </div>
                  <div
                    class="code language-yaml depth1 hljs"
                  >
                    <span
                      class="hljs-attr"
                    >
                      cmd:
                    </span>
                  </div>
                </div>
                <div
                  class=""
                >
                  <div
                    class="codeSection"
                  >
                    <div
                      class="code language-yaml depth2 hljs"
                    >
                      <span
                        class="hljs-bullet"
                      >
                        -
                      </span>
                       
                      <span
                        class="hljs-string"
                      >
                        sh
                      </span>
                      

                    </div>
                  </div>
                </div>
              </div>
              <div>
                <div
                  class="code language-yaml depth1 hljs"
                />
                <div
                  class="header"
                >
                  <div
                    class="base chevron black small"
                  >
                    <svg-mock />
                  </div>
                  <div
                    class="code language-yaml depth1 hljs"
                  >
                    <span
                      class="hljs-attr"
                    >
                      stdin:
                    </span>
                  </div>
                </div>
                <div
                  class=""
                >
                  <div
                    class="codeSection"
                  >
                    <div
                      class="code language-yaml depth2 hljs"
                    >
                      <span
                        class="hljs-bullet"
                      >
                        -
                      </span>
                       
                      <span
                        class="hljs-string"
                      >
                        &gt;-
  montage -shadow -background SkyBlue -geometry 300x300+2+2 $(find /pfs -type f
  | sort) /pfs/out/montage.png

                      </span>
                    </div>
                  </div>
                </div>
              </div>
              <div
                class="code language-yaml depth1 hljs"
              />
            </div>
          </div>
        </div>
        <div>
          <div
            class="code language-yaml depth0 hljs"
          />
          <div
            class="header"
          >
            <div
              class="base chevron black small"
            >
              <svg-mock />
            </div>
            <div
              class="code language-yaml depth0 hljs"
            >
              <span
                class="hljs-attr"
              >
                parallelismSpec:
              </span>
            </div>
          </div>
          <div
            class=""
          >
            <div
              class="codeSection"
            >
              <div
                class="code language-yaml depth1 hljs"
              >
                <span
                  class="hljs-attr"
                >
                  constant:
                </span>
                 
                <span
                  class="hljs-number"
                >
                  8
                </span>
                

              </div>
            </div>
          </div>
        </div>
        <div>
          <div
            class="code language-yaml depth0 hljs"
          />
          <div
            class="header"
          >
            <div
              class="base chevron black small"
            >
              <svg-mock />
            </div>
            <div
              class="code language-yaml depth0 hljs"
            >
              <span
                class="hljs-attr"
              >
                input:
              </span>
            </div>
          </div>
          <div
            class=""
          >
            <div
              class="codeSection"
            >
              <div>
                <div
                  class="code language-yaml depth1 hljs"
                />
                <div
                  class="header"
                >
                  <div
                    class="base chevron black small"
                  >
                    <svg-mock />
                  </div>
                  <div
                    class="code language-yaml depth1 hljs"
                  >
                    <span
                      class="hljs-attr"
                    >
                      cross:
                    </span>
                  </div>
                </div>
                <div
                  class=""
                >
                  <div
                    class="codeSection"
                  >
                    <div
                      class="code language-yaml depth2 hljs"
                    >
                      <span
                        class="hljs-bullet"
                      >
                        -
                      </span>
                       
                      <span
                        class="hljs-attr"
                      >
                        pfs:
                      </span>
                      
    
                      <span
                        class="hljs-attr"
                      >
                        project:
                      </span>
                       
                      <span
                        class="hljs-string"
                      >
                        Solar-Panel-Data-Sorting
                      </span>
                      
    
                      <span
                        class="hljs-attr"
                      >
                        repo:
                      </span>
                       
                      <span
                        class="hljs-string"
                      >
                        edges
                      </span>
                      

                      <span
                        class="hljs-bullet"
                      >
                        -
                      </span>
                       
                      <span
                        class="hljs-attr"
                      >
                        pfs:
                      </span>
                      
    
                      <span
                        class="hljs-attr"
                      >
                        project:
                      </span>
                       
                      <span
                        class="hljs-string"
                      >
                        Solar-Panel-Data-Sorting
                      </span>
                      
    
                      <span
                        class="hljs-attr"
                      >
                        repo:
                      </span>
                       
                      <span
                        class="hljs-string"
                      >
                        images
                      </span>
                      

                    </div>
                  </div>
                </div>
              </div>
              <div
                class="code language-yaml depth1 hljs"
              />
            </div>
          </div>
        </div>
        <div>
          <div
            class="code language-yaml depth0 hljs"
          />
          <div
            class="header"
          >
            <div
              class="base chevron black small"
            >
              <svg-mock />
            </div>
            <div
              class="code language-yaml depth0 hljs"
            >
              <span
                class="hljs-attr"
              >
                schedulingSpec:
              </span>
            </div>
          </div>
          <div
            class=""
          >
            <div
              class="codeSection"
            >
              <div>
                <div
                  class="code language-yaml depth1 hljs"
                />
                <div
                  class="header"
                >
                  <div
                    class="base chevron black small"
                  >
                    <svg-mock />
                  </div>
                  <div
                    class="code language-yaml depth1 hljs"
                  >
                    <span
                      class="hljs-attr"
                    >
                      nodeSelector:
                    </span>
                  </div>
                </div>
                <div
                  class=""
                >
                  <div
                    class="codeSection"
                  >
                    <div
                      class="code language-yaml depth2 hljs"
                    >
                      <span
                        class="hljs-bullet"
                      >
                        -
                      </span>
                       
                      <span
                        class="hljs-bullet"
                      >
                        -
                      </span>
                       
                      <span
                        class="hljs-string"
                      >
                        disktype
                      </span>
                      
  
                      <span
                        class="hljs-bullet"
                      >
                        -
                      </span>
                       
                      <span
                        class="hljs-string"
                      >
                        ssd
                      </span>
                      

                    </div>
                  </div>
                </div>
              </div>
              <div
                class="code language-yaml depth1 hljs"
              >
                <span
                  class="hljs-attr"
                >
                  priorityClassName:
                </span>
                 
                <span
                  class="hljs-string"
                >
                  high-priority
                </span>
                

              </div>
            </div>
          </div>
        </div>
        <div
          class="code language-yaml depth0 hljs"
        />
      </div>
    </div>
  </div>
</div>
`;
